I'm sorry, but errors were detected in your script. Please correct the
errors listed below, and try again.


File "game/script/2 - tutorial room.rpy", line 98: 'with' is not a keyword argument or valid child for the screen statement.
    screen black with eyeclose
                     ^

Ren'Py Version: Ren'Py 8.0.3.22090809
Mon Mar 20 12:47:49 2023
